// Jest Snapshot v1, https://goo.gl/fbAQLP

exports[`Snapshot 1`] = `
Object {
  "Mappings": Object {
    "DefaultCrNodeVersionMap": Object {
      "af-south-1": Object {
        "value": "nodejs16.x",
      },
      "ap-east-1": Object {
        "value": "nodejs16.x",
      },
      "ap-northeast-1": Object {
        "value": "nodejs16.x",
      },
      "ap-northeast-2": Object {
        "value": "nodejs16.x",
      },
      "ap-northeast-3": Object {
        "value": "nodejs16.x",
      },
      "ap-south-1": Object {
        "value": "nodejs16.x",
      },
      "ap-south-2": Object {
        "value": "nodejs16.x",
      },
      "ap-southeast-1": Object {
        "value": "nodejs16.x",
      },
      "ap-southeast-2": Object {
        "value": "nodejs16.x",
      },
      "ap-southeast-3": Object {
        "value": "nodejs16.x",
      },
      "ca-central-1": Object {
        "value": "nodejs16.x",
      },
      "cn-north-1": Object {
        "value": "nodejs16.x",
      },
      "cn-northwest-1": Object {
        "value": "nodejs16.x",
      },
      "eu-central-1": Object {
        "value": "nodejs16.x",
      },
      "eu-central-2": Object {
        "value": "nodejs16.x",
      },
      "eu-north-1": Object {
        "value": "nodejs16.x",
      },
      "eu-south-1": Object {
        "value": "nodejs16.x",
      },
      "eu-south-2": Object {
        "value": "nodejs16.x",
      },
      "eu-west-1": Object {
        "value": "nodejs16.x",
      },
      "eu-west-2": Object {
        "value": "nodejs16.x",
      },
      "eu-west-3": Object {
        "value": "nodejs16.x",
      },
      "me-central-1": Object {
        "value": "nodejs16.x",
      },
      "me-south-1": Object {
        "value": "nodejs16.x",
      },
      "sa-east-1": Object {
        "value": "nodejs16.x",
      },
      "us-east-1": Object {
        "value": "nodejs16.x",
      },
      "us-east-2": Object {
        "value": "nodejs16.x",
      },
      "us-gov-east-1": Object {
        "value": "nodejs16.x",
      },
      "us-gov-west-1": Object {
        "value": "nodejs16.x",
      },
      "us-iso-east-1": Object {
        "value": "nodejs14.x",
      },
      "us-iso-west-1": Object {
        "value": "nodejs14.x",
      },
      "us-isob-east-1": Object {
        "value": "nodejs14.x",
      },
      "us-west-1": Object {
        "value": "nodejs16.x",
      },
      "us-west-2": Object {
        "value": "nodejs16.x",
      },
    },
  },
  "Outputs": Object {
    "recordingBucket": Object {
      "Value": Object {
        "Ref": "InfrastructurerecordingBucketB009AFB7",
      },
    },
    "recordingNumber": Object {
      "Value": Object {
        "Fn::GetAtt": Array [
          "ChimesmaPhoneNumberChimePhoneNumberpstnCustomResource3F1A85AF",
          "phoneNumber",
        ],
      },
    },
  },
  "Parameters": Object {
    "BootstrapVersion": Object {
      "Default": "/cdk-bootstrap/hnb659fds/version",
      "Description": "Version of the CDK Bootstrap resources in this environment, automatically retrieved from SSM Parameter Store. [cdk:skip]",
      "Type": "AWS::SSM::Parameter::Value<String>",
    },
    "sourcePhoneNumber": Object {
      "Description": "Source Phone Number",
      "Type": "String",
    },
  },
  "Resources": Object {
    "ChimesipMediaAppsipMediaAppRequestPSTNResourceProviderframeworkonEventC21782EC": Object {
      "DependsOn": Array [
        "ChimesipMediaAppsipMediaAppRequestPSTNResourceProviderframeworkonEventServiceRoleDefaultPolicyF2EE5D9F",
        "ChimesipMediaAppsipMediaAppRequestPSTNResourceProviderframeworkonEventServiceRoleD4EBDDE9",
      ],
      "Properties": Object {
        "Code": Object {
          "S3Bucket": Object {
            "Fn::Sub": "cdk-hnb659fds-assets-\${AWS::AccountId}-\${AWS::Region}",
          },
          "S3Key": "8e3d635893ea17fa3158623489cd42c680fad925b38de1ef51cb10d84f6e245e.zip",
        },
        "Description": "AWS CDK resource provider framework - onEvent (test/Chime/sipMediaApp/sipMediaAppRequest/PSTNResourceProvider)",
        "Environment": Object {
          "Variables": Object {
            "USER_ON_EVENT_FUNCTION_ARN": Object {
              "Fn::GetAtt": Array [
                "PSTNResources1DB9F314",
                "Arn",
              ],
            },
          },
        },
        "Handler": "framework.onEvent",
        "Role": Object {
          "Fn::GetAtt": Array [
            "ChimesipMediaAppsipMediaAppRequestPSTNResourceProviderframeworkonEventServiceRoleD4EBDDE9",
            "Arn",
          ],
        },
        "Runtime": "nodejs14.x",
        "Timeout": 900,
      },
      "Type": "AWS::Lambda::Function",
    },
    "ChimesipMediaAppsipMediaAppRequestPSTNResourceProviderframeworkonEventServiceRoleD4EBDDE9": Object {
      "Properties": Object {
        "AssumeRolePolicyDocument": Object {
          "Statement": Array [
            Object {
              "Action": "sts:AssumeRole",
              "Effect": "Allow",
              "Principal": Object {
                "Service": "lambda.amazonaws.com",
              },
            },
          ],
          "Version": "2012-10-17",
        },
        "ManagedPolicyArns": Array [
          Object {
            "Fn::Join": Array [
              "",
              Array [
                "arn:",
                Object {
                  "Ref": "AWS::Partition",
                },
                ":iam::aws:policy/service-role/AWSLambdaBasicExecutionRole",
              ],
            ],
          },
        ],
      },
      "Type": "AWS::IAM::Role",
    },
    "ChimesipMediaAppsipMediaAppRequestPSTNResourceProviderframeworkonEventServiceRoleDefaultPolicyF2EE5D9F": Object {
      "Properties": Object {
        "PolicyDocument": Object {
          "Statement": Array [
            Object {
              "Action": "lambda:InvokeFunction",
              "Effect": "Allow",
              "Resource": Array [
                Object {
                  "Fn::GetAtt": Array [
                    "PSTNResources1DB9F314",
                    "Arn",
                  ],
                },
                Object {
                  "Fn::Join": Array [
                    "",
                    Array [
                      Object {
                        "Fn::GetAtt": Array [
                          "PSTNResources1DB9F314",
                          "Arn",
                        ],
                      },
                      ":*",
                    ],
                  ],
                },
              ],
            },
          ],
          "Version": "2012-10-17",
        },
        "PolicyName": "ChimesipMediaAppsipMediaAppRequestPSTNResourceProviderframeworkonEventServiceRoleDefaultPolicyF2EE5D9F",
        "Roles": Array [
          Object {
            "Ref": "ChimesipMediaAppsipMediaAppRequestPSTNResourceProviderframeworkonEventServiceRoleD4EBDDE9",
          },
        ],
      },
      "Type": "AWS::IAM::Policy",
    },
    "ChimesipMediaAppsipMediaAppRequestpstnCustomResource505FA3C9": Object {
      "DeletionPolicy": "Delete",
      "Properties": Object {
        "ServiceToken": Object {
          "Fn::GetAtt": Array [
            "ChimesipMediaAppsipMediaAppRequestPSTNResourceProviderframeworkonEventC21782EC",
            "Arn",
          ],
        },
        "properties": Object {
          "endpoint": Object {
            "Fn::GetAtt": Array [
              "ChimesmaHandler586DB06F",
              "Arn",
            ],
          },
          "name": "testChimesipMediaAppEBAB42E6",
          "region": Object {
            "Ref": "AWS::Region",
          },
        },
        "resourceType": "SMA",
        "uid": "testChimesipMediaAppEBAB42E6",
      },
      "Type": "AWS::CloudFormation::CustomResource",
      "UpdateReplacePolicy": "Delete",
    },
    "ChimesipRulesipRuleRequestPSTNResourceProviderframeworkonEventFA9C5F34": Object {
      "DependsOn": Array [
        "ChimesipRulesipRuleRequestPSTNResourceProviderframeworkonEventServiceRoleDefaultPolicyCAE89E84",
        "ChimesipRulesipRuleRequestPSTNResourceProviderframeworkonEventServiceRole3D85CEF9",
      ],
      "Properties": Object {
        "Code": Object {
          "S3Bucket": Object {
            "Fn::Sub": "cdk-hnb659fds-assets-\${AWS::AccountId}-\${AWS::Region}",
          },
          "S3Key": "8e3d635893ea17fa3158623489cd42c680fad925b38de1ef51cb10d84f6e245e.zip",
        },
        "Description": "AWS CDK resource provider framework - onEvent (test/Chime/sipRule/sipRuleRequest/PSTNResourceProvider)",
        "Environment": Object {
          "Variables": Object {
            "USER_ON_EVENT_FUNCTION_ARN": Object {
              "Fn::GetAtt": Array [
                "PSTNResources1DB9F314",
                "Arn",
              ],
            },
          },
        },
        "Handler": "framework.onEvent",
        "Role": Object {
          "Fn::GetAtt": Array [
            "ChimesipRulesipRuleRequestPSTNResourceProviderframeworkonEventServiceRole3D85CEF9",
            "Arn",
          ],
        },
        "Runtime": "nodejs14.x",
        "Timeout": 900,
      },
      "Type": "AWS::Lambda::Function",
    },
    "ChimesipRulesipRuleRequestPSTNResourceProviderframeworkonEventServiceRole3D85CEF9": Object {
      "Properties": Object {
        "AssumeRolePolicyDocument": Object {
          "Statement": Array [
            Object {
              "Action": "sts:AssumeRole",
              "Effect": "Allow",
              "Principal": Object {
                "Service": "lambda.amazonaws.com",
              },
            },
          ],
          "Version": "2012-10-17",
        },
        "ManagedPolicyArns": Array [
          Object {
            "Fn::Join": Array [
              "",
              Array [
                "arn:",
                Object {
                  "Ref": "AWS::Partition",
                },
                ":iam::aws:policy/service-role/AWSLambdaBasicExecutionRole",
              ],
            ],
          },
        ],
      },
      "Type": "AWS::IAM::Role",
    },
    "ChimesipRulesipRuleRequestPSTNResourceProviderframeworkonEventServiceRoleDefaultPolicyCAE89E84": Object {
      "Properties": Object {
        "PolicyDocument": Object {
          "Statement": Array [
            Object {
              "Action": "lambda:InvokeFunction",
              "Effect": "Allow",
              "Resource": Array [
                Object {
                  "Fn::GetAtt": Array [
                    "PSTNResources1DB9F314",
                    "Arn",
                  ],
                },
                Object {
                  "Fn::Join": Array [
                    "",
                    Array [
                      Object {
                        "Fn::GetAtt": Array [
                          "PSTNResources1DB9F314",
                          "Arn",
                        ],
                      },
                      ":*",
                    ],
                  ],
                },
              ],
            },
          ],
          "Version": "2012-10-17",
        },
        "PolicyName": "ChimesipRulesipRuleRequestPSTNResourceProviderframeworkonEventServiceRoleDefaultPolicyCAE89E84",
        "Roles": Array [
          Object {
            "Ref": "ChimesipRulesipRuleRequestPSTNResourceProviderframeworkonEventServiceRole3D85CEF9",
          },
        ],
      },
      "Type": "AWS::IAM::Policy",
    },
    "ChimesipRulesipRuleRequestpstnCustomResource7C7C6F28": Object {
      "DeletionPolicy": "Delete",
      "Properties": Object {
        "ServiceToken": Object {
          "Fn::GetAtt": Array [
            "ChimesipRulesipRuleRequestPSTNResourceProviderframeworkonEventFA9C5F34",
            "Arn",
          ],
        },
        "properties": Object {
          "name": "testChimesipRuleA371F021",
          "targetApplications": Array [
            Object {
              "priority": 1,
              "region": Object {
                "Ref": "AWS::Region",
              },
              "sipMediaApplicationId": Object {
                "Fn::GetAtt": Array [
                  "ChimesipMediaAppsipMediaAppRequestpstnCustomResource505FA3C9",
                  "sipMediaAppId",
                ],
              },
            },
          ],
          "triggerType": "ToPhoneNumber",
          "triggerValue": Object {
            "Fn::GetAtt": Array [
              "ChimesmaPhoneNumberChimePhoneNumberpstnCustomResource3F1A85AF",
              "phoneNumber",
            ],
          },
        },
        "resourceType": "SMARule",
        "uid": "testChimesipRuleA371F021",
      },
      "Type": "AWS::CloudFormation::CustomResource",
      "UpdateReplacePolicy": "Delete",
    },
    "ChimesmaHandler586DB06F": Object {
      "DependsOn": Array [
        "ChimesmaLambdaRoleDefaultPolicyF5FD201D",
        "ChimesmaLambdaRole9612751F",
      ],
      "Properties": Object {
        "Architectures": Array [
          "arm64",
        ],
        "Code": Object {
          "S3Bucket": Object {
            "Fn::Sub": "cdk-hnb659fds-assets-\${AWS::AccountId}-\${AWS::Region}",
          },
          "S3Key": "7d43ffcc22d75a846b1dab82b60d4aeb4d93465d6b679564f241952a82ad9d55.zip",
        },
        "Environment": Object {
          "Variables": Object {
            "CALL_RECORDS_TABLE": Object {
              "Ref": "InfrastructurecallRecordsTable6909580B",
            },
            "RECORDING_BUCKET": Object {
              "Ref": "InfrastructurerecordingBucketB009AFB7",
            },
            "SOURCE_PHONE": Object {
              "Ref": "sourcePhoneNumber",
            },
            "WAV_BUCKET": Object {
              "Ref": "InfrastructureoutgoingWav87B73128",
            },
          },
        },
        "Handler": "smaHandler.lambda_handler",
        "Role": Object {
          "Fn::GetAtt": Array [
            "ChimesmaLambdaRole9612751F",
            "Arn",
          ],
        },
        "Runtime": "python3.9",
      },
      "Type": "AWS::Lambda::Function",
    },
    "ChimesmaLambdaRole9612751F": Object {
      "Properties": Object {
        "AssumeRolePolicyDocument": Object {
          "Statement": Array [
            Object {
              "Action": "sts:AssumeRole",
              "Effect": "Allow",
              "Principal": Object {
                "Service": "lambda.amazonaws.com",
              },
            },
          ],
          "Version": "2012-10-17",
        },
        "ManagedPolicyArns": Array [
          Object {
            "Fn::Join": Array [
              "",
              Array [
                "arn:",
                Object {
                  "Ref": "AWS::Partition",
                },
                ":iam::aws:policy/service-role/AWSLambdaBasicExecutionRole",
              ],
            ],
          },
        ],
        "Policies": Array [
          Object {
            "PolicyDocument": Object {
              "Statement": Array [
                Object {
                  "Action": "chime:*",
                  "Effect": "Allow",
                  "Resource": "*",
                },
              ],
              "Version": "2012-10-17",
            },
            "PolicyName": "chimePolicy",
          },
        ],
      },
      "Type": "AWS::IAM::Role",
    },
    "ChimesmaLambdaRoleDefaultPolicyF5FD201D": Object {
      "Properties": Object {
        "PolicyDocument": Object {
          "Statement": Array [
            Object {
              "Action": Array [
                "s3:GetObject*",
                "s3:GetBucket*",
                "s3:List*",
                "s3:DeleteObject*",
                "s3:PutObject",
                "s3:PutObjectLegalHold",
                "s3:PutObjectRetention",
                "s3:PutObjectTagging",
                "s3:PutObjectVersionTagging",
                "s3:Abort*",
              ],
              "Effect": "Allow",
              "Resource": Array [
                Object {
                  "Fn::GetAtt": Array [
                    "InfrastructurerecordingBucketB009AFB7",
                    "Arn",
                  ],
                },
                Object {
                  "Fn::Join": Array [
                    "",
                    Array [
                      Object {
                        "Fn::GetAtt": Array [
                          "InfrastructurerecordingBucketB009AFB7",
                          "Arn",
                        ],
                      },
                      "/*",
                    ],
                  ],
                },
              ],
            },
          ],
          "Version": "2012-10-17",
        },
        "PolicyName": "ChimesmaLambdaRoleDefaultPolicyF5FD201D",
        "Roles": Array [
          Object {
            "Ref": "ChimesmaLambdaRole9612751F",
          },
        ],
      },
      "Type": "AWS::IAM::Policy",
    },
    "ChimesmaPhoneNumberChimePhoneNumberPSTNResourceProviderframeworkonEvent6610CB6C": Object {
      "DependsOn": Array [
        "ChimesmaPhoneNumberChimePhoneNumberPSTNResourceProviderframeworkonEventServiceRoleDefaultPolicyA57D6568",
        "ChimesmaPhoneNumberChimePhoneNumberPSTNResourceProviderframeworkonEventServiceRoleB2EA1C26",
      ],
      "Properties": Object {
        "Code": Object {
          "S3Bucket": Object {
            "Fn::Sub": "cdk-hnb659fds-assets-\${AWS::AccountId}-\${AWS::Region}",
          },
          "S3Key": "8e3d635893ea17fa3158623489cd42c680fad925b38de1ef51cb10d84f6e245e.zip",
        },
        "Description": "AWS CDK resource provider framework - onEvent (test/Chime/smaPhoneNumber/ChimePhoneNumber/PSTNResourceProvider)",
        "Environment": Object {
          "Variables": Object {
            "USER_ON_EVENT_FUNCTION_ARN": Object {
              "Fn::GetAtt": Array [
                "PSTNResources1DB9F314",
                "Arn",
              ],
            },
          },
        },
        "Handler": "framework.onEvent",
        "Role": Object {
          "Fn::GetAtt": Array [
            "ChimesmaPhoneNumberChimePhoneNumberPSTNResourceProviderframeworkonEventServiceRoleB2EA1C26",
            "Arn",
          ],
        },
        "Runtime": "nodejs14.x",
        "Timeout": 900,
      },
      "Type": "AWS::Lambda::Function",
    },
    "ChimesmaPhoneNumberChimePhoneNumberPSTNResourceProviderframeworkonEventServiceRoleB2EA1C26": Object {
      "Properties": Object {
        "AssumeRolePolicyDocument": Object {
          "Statement": Array [
            Object {
              "Action": "sts:AssumeRole",
              "Effect": "Allow",
              "Principal": Object {
                "Service": "lambda.amazonaws.com",
              },
            },
          ],
          "Version": "2012-10-17",
        },
        "ManagedPolicyArns": Array [
          Object {
            "Fn::Join": Array [
              "",
              Array [
                "arn:",
                Object {
                  "Ref": "AWS::Partition",
                },
                ":iam::aws:policy/service-role/AWSLambdaBasicExecutionRole",
              ],
            ],
          },
        ],
      },
      "Type": "AWS::IAM::Role",
    },
    "ChimesmaPhoneNumberChimePhoneNumberPSTNResourceProviderframeworkonEventServiceRoleDefaultPolicyA57D6568": Object {
      "Properties": Object {
        "PolicyDocument": Object {
          "Statement": Array [
            Object {
              "Action": "lambda:InvokeFunction",
              "Effect": "Allow",
              "Resource": Array [
                Object {
                  "Fn::GetAtt": Array [
                    "PSTNResources1DB9F314",
                    "Arn",
                  ],
                },
                Object {
                  "Fn::Join": Array [
                    "",
                    Array [
                      Object {
                        "Fn::GetAtt": Array [
                          "PSTNResources1DB9F314",
                          "Arn",
                        ],
                      },
                      ":*",
                    ],
                  ],
                },
              ],
            },
          ],
          "Version": "2012-10-17",
        },
        "PolicyName": "ChimesmaPhoneNumberChimePhoneNumberPSTNResourceProviderframeworkonEventServiceRoleDefaultPolicyA57D6568",
        "Roles": Array [
          Object {
            "Ref": "ChimesmaPhoneNumberChimePhoneNumberPSTNResourceProviderframeworkonEventServiceRoleB2EA1C26",
          },
        ],
      },
      "Type": "AWS::IAM::Policy",
    },
    "ChimesmaPhoneNumberChimePhoneNumberpstnCustomResource3F1A85AF": Object {
      "DeletionPolicy": "Delete",
      "Properties": Object {
        "ServiceToken": Object {
          "Fn::GetAtt": Array [
            "ChimesmaPhoneNumberChimePhoneNumberPSTNResourceProviderframeworkonEvent6610CB6C",
            "Arn",
          ],
        },
        "properties": Object {
          "phoneCountry": "US",
          "phoneNumberType": "Local",
          "phoneProductType": "SipMediaApplicationDialIn",
          "phoneState": "IL",
        },
        "resourceType": "PhoneNumber",
        "uid": "testChimesmaPhoneNumber07870AF8",
      },
      "Type": "AWS::CloudFormation::CustomResource",
      "UpdateReplacePolicy": "Delete",
    },
    "ChimesmaPhoneNumberChimePhoneNumberpstnCustomResourceRole3D271AB9": Object {
      "Properties": Object {
        "AssumeRolePolicyDocument": Object {
          "Statement": Array [
            Object {
              "Action": "sts:AssumeRole",
              "Effect": "Allow",
              "Principal": Object {
                "Service": "lambda.amazonaws.com",
              },
            },
          ],
          "Version": "2012-10-17",
        },
        "Description": "Amazon Chime PSTN Resources",
        "ManagedPolicyArns": Array [
          Object {
            "Fn::Join": Array [
              "",
              Array [
                "arn:",
                Object {
                  "Ref": "AWS::Partition",
                },
                ":iam::aws:policy/service-role/AWSLambdaBasicExecutionRole",
              ],
            ],
          },
        ],
        "Policies": Array [
          Object {
            "PolicyDocument": Object {
              "Statement": Array [
                Object {
                  "Action": Array [
                    "chime:CreateSipRule",
                    "chime:DeleteSipRule",
                    "chime:UpdateSipRule",
                    "chime:GetSipRule",
                    "chime:CreateSipMediaApplication",
                    "chime:DeleteSipMediaApplication",
                    "chime:GetPhoneNumberOrder",
                    "chime:SearchAvailablePhoneNumbers",
                    "chime:CreatePhoneNumberOrder",
                    "chime:DeletePhoneNumber",
                    "chime:GetPhoneNumber",
                    "chime:CreateVoiceConnector",
                    "chime:PutVoiceConnectorStreamingConfiguration",
                    "chime:PutVoiceConnectorTermination",
                    "chime:PutVoiceConnectorOrigination",
                    "chime:ListPhoneNumbers",
                    "chime:AssociatePhoneNumbersWithVoiceConnector",
                    "chime:DisassociatePhoneNumbersFromVoiceConnector",
                    "chime:DeleteVoiceConnector",
                    "lambda:GetPolicy",
                    "lambda:AddPermission",
                    "iam:PutRolePolicy",
                    "iam:CreateServiceLinkedRole",
                  ],
                  "Effect": "Allow",
                  "Resource": "*",
                },
                Object {
                  "Action": Array [
                    "ssm:PutParameter",
                    "ssm:GetParameter",
                    "ssm:DeleteParameter",
                  ],
                  "Effect": "Allow",
                  "Resource": Object {
                    "Fn::Join": Array [
                      "",
                      Array [
                        "arn:aws:ssm:",
                        Object {
                          "Ref": "AWS::Region",
                        },
                        ":",
                        Object {
                          "Ref": "AWS::AccountId",
                        },
                        ":parameter/chime/*",
                      ],
                    ],
                  },
                },
              ],
              "Version": "2012-10-17",
            },
            "PolicyName": "chimePolicy",
          },
        ],
      },
      "Type": "AWS::IAM::Role",
    },
    "CustomCDKBucketDeployment8693BB64968944B69AAFB0CC9EB8756C81C01536": Object {
      "DependsOn": Array [
        "CustomCDKBucketDeployment8693BB64968944B69AAFB0CC9EB8756CServiceRoleDefaultPolicy88902FDF",
        "CustomCDKBucketDeployment8693BB64968944B69AAFB0CC9EB8756CServiceRole89A01265",
      ],
      "Properties": Object {
        "Code": Object {
          "S3Bucket": Object {
            "Fn::Sub": "cdk-hnb659fds-assets-\${AWS::AccountId}-\${AWS::Region}",
          },
          "S3Key": "9eb41a5505d37607ac419321497a4f8c21cf0ee1f9b4a6b29aa04301aea5c7fd.zip",
        },
        "Environment": Object {
          "Variables": Object {
            "AWS_CA_BUNDLE": "/etc/pki/ca-trust/extracted/pem/tls-ca-bundle.pem",
          },
        },
        "Handler": "index.handler",
        "Layers": Array [
          Object {
            "Ref": "InfrastructureWavDeployAwsCliLayerCAA18D0E",
          },
        ],
        "Role": Object {
          "Fn::GetAtt": Array [
            "CustomCDKBucketDeployment8693BB64968944B69AAFB0CC9EB8756CServiceRole89A01265",
            "Arn",
          ],
        },
        "Runtime": "python3.9",
        "Timeout": 900,
      },
      "Type": "AWS::Lambda::Function",
    },
    "CustomCDKBucketDeployment8693BB64968944B69AAFB0CC9EB8756CServiceRole89A01265": Object {
      "Properties": Object {
        "AssumeRolePolicyDocument": Object {
          "Statement": Array [
            Object {
              "Action": "sts:AssumeRole",
              "Effect": "Allow",
              "Principal": Object {
                "Service": "lambda.amazonaws.com",
              },
            },
          ],
          "Version": "2012-10-17",
        },
        "ManagedPolicyArns": Array [
          Object {
            "Fn::Join": Array [
              "",
              Array [
                "arn:",
                Object {
                  "Ref": "AWS::Partition",
                },
                ":iam::aws:policy/service-role/AWSLambdaBasicExecutionRole",
              ],
            ],
          },
        ],
      },
      "Type": "AWS::IAM::Role",
    },
    "CustomCDKBucketDeployment8693BB64968944B69AAFB0CC9EB8756CServiceRoleDefaultPolicy88902FDF": Object {
      "Properties": Object {
        "PolicyDocument": Object {
          "Statement": Array [
            Object {
              "Action": Array [
                "s3:GetObject*",
                "s3:GetBucket*",
                "s3:List*",
              ],
              "Effect": "Allow",
              "Resource": Array [
                Object {
                  "Fn::Join": Array [
                    "",
                    Array [
                      "arn:",
                      Object {
                        "Ref": "AWS::Partition",
                      },
                      ":s3:::",
                      Object {
                        "Fn::Sub": "cdk-hnb659fds-assets-\${AWS::AccountId}-\${AWS::Region}",
                      },
                    ],
                  ],
                },
                Object {
                  "Fn::Join": Array [
                    "",
                    Array [
                      "arn:",
                      Object {
                        "Ref": "AWS::Partition",
                      },
                      ":s3:::",
                      Object {
                        "Fn::Sub": "cdk-hnb659fds-assets-\${AWS::AccountId}-\${AWS::Region}",
                      },
                      "/*",
                    ],
                  ],
                },
              ],
            },
            Object {
              "Action": Array [
                "s3:GetObject*",
                "s3:GetBucket*",
                "s3:List*",
                "s3:DeleteObject*",
                "s3:PutObject",
                "s3:PutObjectLegalHold",
                "s3:PutObjectRetention",
                "s3:PutObjectTagging",
                "s3:PutObjectVersionTagging",
                "s3:Abort*",
              ],
              "Effect": "Allow",
              "Resource": Array [
                Object {
                  "Fn::GetAtt": Array [
                    "InfrastructureoutgoingWav87B73128",
                    "Arn",
                  ],
                },
                Object {
                  "Fn::Join": Array [
                    "",
                    Array [
                      Object {
                        "Fn::GetAtt": Array [
                          "InfrastructureoutgoingWav87B73128",
                          "Arn",
                        ],
                      },
                      "/*",
                    ],
                  ],
                },
              ],
            },
          ],
          "Version": "2012-10-17",
        },
        "PolicyName": "CustomCDKBucketDeployment8693BB64968944B69AAFB0CC9EB8756CServiceRoleDefaultPolicy88902FDF",
        "Roles": Array [
          Object {
            "Ref": "CustomCDKBucketDeployment8693BB64968944B69AAFB0CC9EB8756CServiceRole89A01265",
          },
        ],
      },
      "Type": "AWS::IAM::Policy",
    },
    "CustomS3AutoDeleteObjectsCustomResourceProviderHandler9D90184F": Object {
      "DependsOn": Array [
        "CustomS3AutoDeleteObjectsCustomResourceProviderRole3B1BD092",
      ],
      "Properties": Object {
        "Code": Object {
          "S3Bucket": Object {
            "Fn::Sub": "cdk-hnb659fds-assets-\${AWS::AccountId}-\${AWS::Region}",
          },
          "S3Key": "350185a1069fa20a23a583e20c77f6844218bd73097902362dc94f1a108f5d89.zip",
        },
        "Description": Object {
          "Fn::Join": Array [
            "",
            Array [
              "Lambda function for auto-deleting objects in ",
              Object {
                "Ref": "InfrastructureoutgoingWav87B73128",
              },
              " S3 bucket.",
            ],
          ],
        },
        "Handler": "__entrypoint__.handler",
        "MemorySize": 128,
        "Role": Object {
          "Fn::GetAtt": Array [
            "CustomS3AutoDeleteObjectsCustomResourceProviderRole3B1BD092",
            "Arn",
          ],
        },
        "Runtime": "nodejs16.x",
        "Timeout": 900,
      },
      "Type": "AWS::Lambda::Function",
    },
    "CustomS3AutoDeleteObjectsCustomResourceProviderRole3B1BD092": Object {
      "Properties": Object {
        "AssumeRolePolicyDocument": Object {
          "Statement": Array [
            Object {
              "Action": "sts:AssumeRole",
              "Effect": "Allow",
              "Principal": Object {
                "Service": "lambda.amazonaws.com",
              },
            },
          ],
          "Version": "2012-10-17",
        },
        "ManagedPolicyArns": Array [
          Object {
            "Fn::Sub": "arn:\${AWS::Partition}:iam::aws:policy/service-role/AWSLambdaBasicExecutionRole",
          },
        ],
      },
      "Type": "AWS::IAM::Role",
    },
    "InfrastructureWavDeployAwsCliLayerCAA18D0E": Object {
      "Properties": Object {
        "Content": Object {
          "S3Bucket": Object {
            "Fn::Sub": "cdk-hnb659fds-assets-\${AWS::AccountId}-\${AWS::Region}",
          },
          "S3Key": "88b83f5f61fe6f85ffcd0a37a09a8f3be90e7c090964b0b62b062eb8a5a1a3a7.zip",
        },
        "Description": "/opt/awscli/aws",
      },
      "Type": "AWS::Lambda::LayerVersion",
    },
    "InfrastructureWavDeployCustomResource1ED8765F": Object {
      "DeletionPolicy": "Delete",
      "Properties": Object {
        "DestinationBucketName": Object {
          "Ref": "InfrastructureoutgoingWav87B73128",
        },
        "Prune": true,
        "ServiceToken": Object {
          "Fn::GetAtt": Array [
            "CustomCDKBucketDeployment8693BB64968944B69AAFB0CC9EB8756C81C01536",
            "Arn",
          ],
        },
        "SourceBucketNames": Array [
          Object {
            "Fn::Sub": "cdk-hnb659fds-assets-\${AWS::AccountId}-\${AWS::Region}",
          },
        ],
        "SourceObjectKeys": Array [
          "506e9b69bbd4beeabe0229eb69273063c43086ce70ee459b997a6d5421df31d9.zip",
        ],
        "SystemMetadata": Object {
          "content-type": "audio/wav",
        },
      },
      "Type": "Custom::CDKBucketDeployment",
      "UpdateReplacePolicy": "Delete",
    },
    "InfrastructurecallRecordsTable6909580B": Object {
      "DeletionPolicy": "Delete",
      "Properties": Object {
        "AttributeDefinitions": Array [
          Object {
            "AttributeName": "callID",
            "AttributeType": "S",
          },
        ],
        "BillingMode": "PAY_PER_REQUEST",
        "KeySchema": Array [
          Object {
            "AttributeName": "callID",
            "KeyType": "HASH",
          },
        ],
        "TimeToLiveSpecification": Object {
          "AttributeName": "TTL",
          "Enabled": true,
        },
      },
      "Type": "AWS::DynamoDB::Table",
      "UpdateReplacePolicy": "Delete",
    },
    "InfrastructureoutgoingWav87B73128": Object {
      "DeletionPolicy": "Delete",
      "Properties": Object {
        "OwnershipControls": Object {
          "Rules": Array [
            Object {
              "ObjectOwnership": "BucketOwnerPreferred",
            },
          ],
        },
        "Tags": Array [
          Object {
            "Key": "aws-cdk:auto-delete-objects",
            "Value": "true",
          },
          Object {
            "Key": "aws-cdk:cr-owned:2090b0d8",
            "Value": "true",
          },
        ],
      },
      "Type": "AWS::S3::Bucket",
      "UpdateReplacePolicy": "Delete",
    },
    "InfrastructureoutgoingWavAutoDeleteObjectsCustomResource9F406D0E": Object {
      "DeletionPolicy": "Delete",
      "DependsOn": Array [
        "InfrastructureoutgoingWavPolicyAECB59FA",
      ],
      "Properties": Object {
        "BucketName": Object {
          "Ref": "InfrastructureoutgoingWav87B73128",
        },
        "ServiceToken": Object {
          "Fn::GetAtt": Array [
            "CustomS3AutoDeleteObjectsCustomResourceProviderHandler9D90184F",
            "Arn",
          ],
        },
      },
      "Type": "Custom::S3AutoDeleteObjects",
      "UpdateReplacePolicy": "Delete",
    },
    "InfrastructureoutgoingWavPolicyAECB59FA": Object {
      "Properties": Object {
        "Bucket": Object {
          "Ref": "InfrastructureoutgoingWav87B73128",
        },
        "PolicyDocument": Object {
          "Statement": Array [
            Object {
              "Action": Array [
                "s3:GetBucket*",
                "s3:List*",
                "s3:DeleteObject*",
              ],
              "Effect": "Allow",
              "Principal": Object {
                "AWS": Object {
                  "Fn::GetAtt": Array [
                    "CustomS3AutoDeleteObjectsCustomResourceProviderRole3B1BD092",
                    "Arn",
                  ],
                },
              },
              "Resource": Array [
                Object {
                  "Fn::GetAtt": Array [
                    "InfrastructureoutgoingWav87B73128",
                    "Arn",
                  ],
                },
                Object {
                  "Fn::Join": Array [
                    "",
                    Array [
                      Object {
                        "Fn::GetAtt": Array [
                          "InfrastructureoutgoingWav87B73128",
                          "Arn",
                        ],
                      },
                      "/*",
                    ],
                  ],
                },
              ],
            },
            Object {
              "Action": Array [
                "s3:GetObject",
                "s3:PutObject",
                "s3:PutObjectAcl",
              ],
              "Effect": "Allow",
              "Principal": Object {
                "Service": "voiceconnector.chime.amazonaws.com",
              },
              "Resource": Array [
                Object {
                  "Fn::GetAtt": Array [
                    "InfrastructureoutgoingWav87B73128",
                    "Arn",
                  ],
                },
                Object {
                  "Fn::Join": Array [
                    "",
                    Array [
                      Object {
                        "Fn::GetAtt": Array [
                          "InfrastructureoutgoingWav87B73128",
                          "Arn",
                        ],
                      },
                      "/*",
                    ],
                  ],
                },
              ],
              "Sid": "SIPMediaApplicationRead",
            },
          ],
          "Version": "2012-10-17",
        },
      },
      "Type": "AWS::S3::BucketPolicy",
    },
    "InfrastructurerecordingBucketAutoDeleteObjectsCustomResourceA0923C70": Object {
      "DeletionPolicy": "Delete",
      "DependsOn": Array [
        "InfrastructurerecordingBucketPolicy3344E8F4",
      ],
      "Properties": Object {
        "BucketName": Object {
          "Ref": "InfrastructurerecordingBucketB009AFB7",
        },
        "ServiceToken": Object {
          "Fn::GetAtt": Array [
            "CustomS3AutoDeleteObjectsCustomResourceProviderHandler9D90184F",
            "Arn",
          ],
        },
      },
      "Type": "Custom::S3AutoDeleteObjects",
      "UpdateReplacePolicy": "Delete",
    },
    "InfrastructurerecordingBucketB009AFB7": Object {
      "DeletionPolicy": "Delete",
      "Properties": Object {
        "OwnershipControls": Object {
          "Rules": Array [
            Object {
              "ObjectOwnership": "BucketOwnerPreferred",
            },
          ],
        },
        "Tags": Array [
          Object {
            "Key": "aws-cdk:auto-delete-objects",
            "Value": "true",
          },
        ],
      },
      "Type": "AWS::S3::Bucket",
      "UpdateReplacePolicy": "Delete",
    },
    "InfrastructurerecordingBucketPolicy3344E8F4": Object {
      "Properties": Object {
        "Bucket": Object {
          "Ref": "InfrastructurerecordingBucketB009AFB7",
        },
        "PolicyDocument": Object {
          "Statement": Array [
            Object {
              "Action": Array [
                "s3:GetBucket*",
                "s3:List*",
                "s3:DeleteObject*",
              ],
              "Effect": "Allow",
              "Principal": Object {
                "AWS": Object {
                  "Fn::GetAtt": Array [
                    "CustomS3AutoDeleteObjectsCustomResourceProviderRole3B1BD092",
                    "Arn",
                  ],
                },
              },
              "Resource": Array [
                Object {
                  "Fn::GetAtt": Array [
                    "InfrastructurerecordingBucketB009AFB7",
                    "Arn",
                  ],
                },
                Object {
                  "Fn::Join": Array [
                    "",
                    Array [
                      Object {
                        "Fn::GetAtt": Array [
                          "InfrastructurerecordingBucketB009AFB7",
                          "Arn",
                        ],
                      },
                      "/*",
                    ],
                  ],
                },
              ],
            },
            Object {
              "Action": Array [
                "s3:GetObject",
                "s3:PutObject",
                "s3:PutObjectAcl",
              ],
              "Effect": "Allow",
              "Principal": Object {
                "Service": "voiceconnector.chime.amazonaws.com",
              },
              "Resource": Array [
                Object {
                  "Fn::GetAtt": Array [
                    "InfrastructurerecordingBucketB009AFB7",
                    "Arn",
                  ],
                },
                Object {
                  "Fn::Join": Array [
                    "",
                    Array [
                      Object {
                        "Fn::GetAtt": Array [
                          "InfrastructurerecordingBucketB009AFB7",
                          "Arn",
                        ],
                      },
                      "/*",
                    ],
                  ],
                },
              ],
              "Sid": "SIPMediaApplicationRead",
            },
          ],
          "Version": "2012-10-17",
        },
      },
      "Type": "AWS::S3::BucketPolicy",
    },
    "PSTNResources1DB9F314": Object {
      "DependsOn": Array [
        "ChimesmaPhoneNumberChimePhoneNumberpstnCustomResourceRole3D271AB9",
      ],
      "Properties": Object {
        "Architectures": Array [
          "arm64",
        ],
        "Code": Object {
          "S3Bucket": Object {
            "Fn::Sub": "cdk-hnb659fds-assets-\${AWS::AccountId}-\${AWS::Region}",
          },
          "S3Key": "1e85bcd7774f4f9e640d34759bef652508e0ebc55cb6d2b6cdb8600fa9ab8e3b.zip",
        },
        "Handler": "index.handler",
        "Role": Object {
          "Fn::GetAtt": Array [
            "ChimesmaPhoneNumberChimePhoneNumberpstnCustomResourceRole3D271AB9",
            "Arn",
          ],
        },
        "Runtime": "python3.9",
        "Timeout": 60,
      },
      "Type": "AWS::Lambda::Function",
    },
    "ParameterssourcePhoneNumberParameterC630F1DE": Object {
      "Properties": Object {
        "Name": "/chimeSMARecording/sourcePhoneNumber",
        "Type": "String",
        "Value": Object {
          "Ref": "sourcePhoneNumber",
        },
      },
      "Type": "AWS::SSM::Parameter",
    },
  },
  "Rules": Object {
    "CheckBootstrapVersion": Object {
      "Assertions": Array [
        Object {
          "Assert": Object {
            "Fn::Not": Array [
              Object {
                "Fn::Contains": Array [
                  Array [
                    "1",
                    "2",
                    "3",
                    "4",
                    "5",
                  ],
                  Object {
                    "Ref": "BootstrapVersion",
                  },
                ],
              },
            ],
          },
          "AssertDescription": "CDK bootstrap stack version 6 required. Please run 'cdk bootstrap' with a recent version of the CDK CLI.",
        },
      ],
    },
  },
}
`;
